Script started on 2020-02-06 00:19:52-06:00 [TERM="xterm" TTY="/dev/pty0" COLUMNS="80" LINES="24"]
]0;/cygdrive/c/school/comp3500/project1
[32mAUBURN+slr0042@DESKTOP-T7ATVJ5 [33m/cygdrive/c/school/comp3500/project1[0m
$ git init
Initialized empty Git repository in /cygdrive/c/school/comp3500/project1/.git/
]0;/cygdrive/c/school/comp3500/project1
[32mAUBURN+slr0042@DESKTOP-T7ATVJ5 [33m/cygdrive/c/school/comp3500/project1[0m
$ git add *.c[K[K[K[K[K[K[Kcommit -m 'initial commit'
On branch master

Initial commit

Untracked files:
	[31mgit.script[m
	[31msimple.c[m
	[31msimple.exe[m

nothing added to commit but untracked files present
]0;/cygdrive/c/school/comp3500/project1
[32mAUBURN+slr0042@DESKTOP-T7ATVJ5 [33m/cygdrive/c/school/comp3500/project1[0m
$ git commit -m 'initial commit'[K[K[K[K[K[K[K[K[K[K[K[K[K[K[K[K[K[K[K[K[K[K[K[K[K[Kadd *.c[K[K[Ksimpol[K[Kle.c
]0;/cygdrive/c/school/comp3500/project1
[32mAUBURN+slr0042@DESKTOP-T7ATVJ5 [33m/cygdrive/c/school/comp3500/project1[0m
$ git comadd simple.c[C[C[C[C[C[Ccommit -m 'initial commit'
[master (root-commit) b8dbc64] initial commit
 1 file changed, 21 insertions(+)
 create mode 100644 simple.c
]0;/cygdrive/c/school/comp3500/project1
[32mAUBURN+slr0042@DESKTOP-T7ATVJ5 [33m/cygdrive/c/school/comp3500/project1[0m
$ git remote add origin https://github.com/slroberts92/comp3500.git
]0;/cygdrive/c/school/comp3500/project1
[32mAUBURN+slr0042@DESKTOP-T7ATVJ5 [33m/cygdrive/c/school/comp3500/project1[0m
$ git push -u origin master
Username for 'https://github.com': 
Password for 'https://slroberts92@github.com': 
Counting objects: 3, done.
Delta compression using up to 12 threads.
Compressing objects:  50% (1/2)   Compressing objects: 100% (2/2)   Compressing objects: 100% (2/2), done.
Writing objects:  33% (1/3)   Writing objects:  66% (2/3)   Writing objects: 100% (3/3)   Writing objects: 100% (3/3), 456 bytes | 456.00 KiB/s, done.
Total 3 (delta 0), reused 0 (delta 0)
To https://github.com/slroberts92/comp3500.git
 * [new branch]      master -> master
Branch 'master' set up to track remote branch 'master' from 'origin'.
]0;/cygdrive/c/school/comp3500/project1
[32mAUBURN+slr0042@DESKTOP-T7ATVJ5 [33m/cygdrive/c/school/comp3500/project1[0m
$ git status
On branch master
Your branch is up to date with 'origin/master'.

Untracked files:
  (use "git add <file>..." to include in what will be committed)

	[31mcommands.script[m
	[31mcpuinfo.txt[m
	[31mgcc_and_gdb.txt[m
	[31mgit.script[m
	[31minterrupts.txt[m
	[31mlspci.txt[m
	[31mmeminfo.txt[m
	[31msimple.exe[m

nothing added to commit but untracked files present (use "git add" to track)
]0;/cygdrive/c/school/comp3500/project1
[32mAUBURN+slr0042@DESKTOP-T7ATVJ5 [33m/cygdrive/c/school/comp3500/project1[0m
$ git add commands.script cpuinfo.txt gcc_and_gdb.txt interrupts.txt lspci.txt m eminfo.txt 
]0;/cygdrive/c/school/comp3500/project1
[32mAUBURN+slr0042@DESKTOP-T7ATVJ5 [33m/cygdrive/c/school/comp3500/project1[0m
$ git commit -m "[K"add[K[K[KAdi[Kding other files for first project"
[master 3e85b63] Adding other files for first project
 6 files changed, 308 insertions(+)
 create mode 100644 commands.script
 create mode 100644 cpuinfo.txt
 create mode 100644 gcc_and_gdb.txt
 create mode 100644 interrupts.txt
 create mode 100644 lspci.txt
 create mode 100644 meminfo.txt
]0;/cygdrive/c/school/comp3500/project1
[32mAUBURN+slr0042@DESKTOP-T7ATVJ5 [33m/cygdrive/c/school/comp3500/project1[0m
$ git push
Username for 'https://github.com': 
Password for 'https://slroberts92@github.com': 
Counting objects: 8, done.
Delta compression using up to 12 threads.
Compressing objects:  14% (1/7)   Compressing objects:  28% (2/7)   Compressing objects:  42% (3/7)   Compressing objects:  57% (4/7)   Compressing objects:  71% (5/7)   Compressing objects:  85% (6/7)   Compressing objects: 100% (7/7)   Compressing objects: 100% (7/7), done.
Writing objects:  12% (1/8)   Writing objects:  25% (2/8)   Writing objects:  37% (3/8)   Writing objects:  50% (4/8)   Writing objects:  62% (5/8)   Writing objects:  75% (6/8)   Writing objects:  87% (7/8)   Writing objects: 100% (8/8)   Writing objects: 100% (8/8), 5.83 KiB | 853.00 KiB/s, done.
Total 8 (delta 0), reused 0 (delta 0)
To https://github.com/slroberts92/comp3500.git
   b8dbc64..3e85b63  master -> master
]0;/cygdrive/c/school/comp3500/project1
[32mAUBURN+slr0042@DESKTOP-T7ATVJ5 [33m/cygdrive/c/school/comp3500/project1[0m
$ git status
On branch master
Your branch is up to date with 'origin/master'.

Untracked files:
  (use "git add <file>..." to include in what will be committed)

	[31mgit.script[m
	[31msimple.exe[m

nothing added to commit but untracked files present (use "git add" to track)
]0;/cygdrive/c/school/comp3500/project1
[32mAUBURN+slr0042@DESKTOP-T7ATVJ5 [33m/cygdrive/c/school/comp3500/project1[0m
$ git diff simple.exe 
[?1h=[K[?1l>]0;/cygdrive/c/school/comp3500/project1
[32mAUBURN+slr0042@DESKTOP-T7ATVJ5 [33m/cygdrive/c/school/comp3500/project1[0m
$ git log
[?1h=[33mcommit 3e85b63ec1f71afc5fac5792ca2f39b8b61cac1b[m[33m ([m[1;36mHEAD -> [m[1;32mmaster[m[33m, [m[1;31morigin/master[m[33m)[m[m
Author: Lane Roberts <slroberts@auburn.edu>[m
Date:   Thu Feb 6 00:25:51 2020 -0600[m
[m
    Adding other files for first project[m
[m
[33mcommit b8dbc643e95469ca082245125093fc441d25df90[m[m
Author: Lane Roberts <slroberts@auburn.edu>[m
Date:   Thu Feb 6 00:21:01 2020 -0600[m
[m
    initial commit[m
[K[?1l>]0;/cygdrive/c/school/comp3500/project1
[32mAUBURN+slr0042@DESKTOP-T7ATVJ5 [33m/cygdrive/c/school/comp3500/project1[0m
$ exit
exit

Script done on 2020-02-06 00:27:08-06:00 [COMMAND_EXIT_CODE="0"]
